// Jest Snapshot v1, https://goo.gl/fbAQLP

exports[`loadShowcasesRequest Saga loadShowcases actions Should loadShowcasesRequest be failure 1`] = `
Object {
  "@@redux-saga/IO": true,
  "combinator": false,
  "payload": Object {
    "action": Object {
      "type": "app/showcases/LOAD_SHOWCASES/REQUEST",
    },
    "channel": undefined,
  },
  "type": "PUT",
}
`;

exports[`loadShowcasesRequest Saga loadShowcases actions Should loadShowcasesRequest be success 1`] = `
Object {
  "@@redux-saga/IO": true,
  "combinator": false,
  "payload": Object {
    "action": Object {
      "type": "app/showcases/LOAD_SHOWCASES/REQUEST",
    },
    "channel": undefined,
  },
  "type": "PUT",
}
`;
