// Jest Snapshot v1, https://goo.gl/fbAQLP

exports[`<Button /> Should render correctly 1`] = `
.c0 {
  display: -webkit-box;
  display: -webkit-flex;
  display: -ms-flexbox;
  display: flex;
  -webkit-box-pack: center;
  -webkit-justify-content: center;
  -ms-flex-pack: center;
  justify-content: center;
}

@media (prefers-color-scheme:dark) {

}

@media (prefers-color-scheme:dark) {

}

@media (prefers-color-scheme:dark) {

}

@media (prefers-color-scheme:dark) {

}

@media (prefers-color-scheme:dark) {

}

<div>
  <span
    class="c0"
  />
</div>
`;

exports[`<Button /> Should render correctly hrefExternal 1`] = `
.c0 {
  display: -webkit-box;
  display: -webkit-flex;
  display: -ms-flexbox;
  display: flex;
  -webkit-box-pack: center;
  -webkit-justify-content: center;
  -ms-flex-pack: center;
  justify-content: center;
}

@media (prefers-color-scheme:dark) {

}

@media (prefers-color-scheme:dark) {

}

@media (prefers-color-scheme:dark) {

}

@media (prefers-color-scheme:dark) {

}

@media (prefers-color-scheme:dark) {

}

<div>
  <span
    class="c0"
  />
</div>
`;

exports[`<Button /> Should render with nextified href 1`] = `
.c0 {
  display: -webkit-box;
  display: -webkit-flex;
  display: -ms-flexbox;
  display: flex;
  -webkit-box-pack: center;
  -webkit-justify-content: center;
  -ms-flex-pack: center;
  justify-content: center;
}

@media (prefers-color-scheme:dark) {

}

@media (prefers-color-scheme:dark) {

}

@media (prefers-color-scheme:dark) {

}

@media (prefers-color-scheme:dark) {

}

@media (prefers-color-scheme:dark) {

}

<div>
  <span
    class="c0"
  />
</div>
`;
