// Jest Snapshot v1, https://goo.gl/fbAQLP

exports[`<EmailVerifiedOnly /> Should render correctly 1`] = `
<div>
  <div
    class="sc-kDDrLX iNAFzC"
  >
    <h1
      class="sc-dkzDqf iBtyHU sc-evZas cCtlkt"
      id="you-need-to-verify-your-email-before-completing-this-step."
    >
      You need to verify your email before completing this step.
    </h1>
    <a
      class="sc-ftvSup bvTsjB"
      href="/account"
    >
      Account
    </a>
  </div>
</div>
`;

exports[`<EmailVerifiedOnly /> Should render correctly with user 1`] = `
<div>
  <div
    class="sc-kDDrLX iNAFzC"
  >
    <h1
      class="sc-dkzDqf iBtyHU sc-evZas cCtlkt"
      id="you-need-to-verify-your-email-before-completing-this-step."
    >
      You need to verify your email before completing this step.
    </h1>
    <a
      class="sc-ftvSup bvTsjB"
      href="/account"
    >
      Account
    </a>
  </div>
</div>
`;

exports[`<EmailVerifiedOnly /> Should render correctly with user with verified email 1`] = `
<div>
  Test
</div>
`;
