// Jest Snapshot v1, https://goo.gl/fbAQLP

exports[`<Consent /> should render correctly - index 1`] = `
<div>
  <div />
</div>
`;

exports[`<Consent /> should render correctly 1`] = `
<div>
  <div />
</div>
`;

exports[`<Consent /> should render correctly with consent allowed 1`] = `
<div>
  <div />
</div>
`;

exports[`<Consent /> should render correctly with consent deferred 1`] = `
<div>
  <div />
</div>
`;

exports[`<Consent /> should render correctly with consent deferred and reason 1`] = `
<div>
  <div />
</div>
`;

exports[`<Consent /> should render correctly with consent suppressed 1`] = `
<div>
  <div />
</div>
`;
