// Jest Snapshot v1, https://goo.gl/fbAQLP

exports[`<ApiDocs /> should render correctly 1`] = `
<div>
  <div
    class="sc-bczRLJ ikoAiL page-containerstyles__StyledPageContainer-sc-19l7k4-0"
    width="default"
  >
    <h1
      class="sc-dkzDqf grUNba sc-iqcoie fulViU"
    >
      API docs
    </h1>
    <div
      class="api-docsstyles__VerticalScrollContainer-sc-4t6xyo-3 kgPUAS"
    >
      <table
        class="api-docsstyles__StyledTable-sc-4t6xyo-0 gBkxaf"
      >
        <thead
          class="sc-breuTD VMYjy"
        >
          <tr
            class="sc-hAZoDl"
          >
            <th
              class="sc-fnykZs geZTSW"
            >
              <span
                class="sc-gsnTZi fzWRHm"
              >
                Path
              </span>
            </th>
            <th
              class="sc-fnykZs geZTSW"
            >
              <span
                class="sc-gsnTZi fzWRHm"
              >
                Method
              </span>
            </th>
            <th
              class="sc-fnykZs geZTSW"
            >
              <span
                class="sc-gsnTZi fzWRHm"
              >
                Arguments
              </span>
            </th>
            <th
              class="sc-fnykZs geZTSW"
            >
              <span
                class="sc-gsnTZi fzWRHm"
              >
                Authorisation
              </span>
            </th>
            <th
              class="sc-fnykZs geZTSW"
            >
              <span
                class="sc-gsnTZi fzWRHm"
              >
                Description
              </span>
            </th>
          </tr>
        </thead>
        <tbody
          class="sc-ksZaOG"
        >
          <tr
            class="sc-hAZoDl"
          >
            <th
              class="sc-fnykZs geZTSW"
            >
              <a
                aria-label="/analytics/create (opens in a new tab)"
                class="sc-papXJ gfSAJY"
                href="https://webapp-boilerplate.georgegillams.co.uk/api/analytics/create"
                rel="noopener noreferrer"
                target="_blank"
              >
                /analytics/create
                <div
                  class="sc-jqUVSM icGDYy"
                >
                  <svg
                    class="sc-ftvSup bygzLL sc-kDDrLX kzKBSF"
                    height="18"
                    viewBox="0 0 24 24"
                    width="18"
                    xmlns="http://www.w3.org/2000/svg"
                  >
                    <path
                      d="M12.5 11.3c.4.4 1 .4 1.4 0L19 6.2V9c0 .6.4 1 1 1s1-.4 1-1V4c0-.6-.4-1-1-1h-5c-.6 0-1 .4-1 1s.4 1 1 1h2.4l-4.9 4.9c-.4.4-.4 1 0 1.4zM19 19c0 1.1-.9 2-2 2H5c-1.1 0-2-.9-2-2V7c0-1.1.9-2 2-2h7v2H5v12h12v-7h2"
                    />
                  </svg>
                </div>
              </a>
            </th>
            <th
              class="sc-fnykZs geZTSW"
            >
              <span
                class="sc-gsnTZi fzWRHm api-docsstyles__Method-sc-4t6xyo-2 lesXHI"
              >
                POST
              </span>
            </th>
            <th
              class="sc-fnykZs geZTSW"
            >
              <span
                class="sc-gsnTZi fzWRHm"
              />
            </th>
            <th
              class="sc-fnykZs geZTSW"
            >
              <span
                class="sc-gsnTZi fzWRHm"
              >
                None
              </span>
            </th>
            <th
              class="sc-fnykZs geZTSW"
            >
              <span
                class="sc-gsnTZi fzWRHm api-docsstyles__Description-sc-4t6xyo-1 cZtHBf"
              >
                Registers information about the page navigated to
              </span>
            </th>
          </tr>
          <tr
            class="sc-hAZoDl"
          >
            <th
              class="sc-fnykZs geZTSW"
            >
              <a
                aria-label="/analytics/load-all (opens in a new tab)"
                class="sc-papXJ gfSAJY"
                href="https://webapp-boilerplate.georgegillams.co.uk/api/analytics/load-all"
                rel="noopener noreferrer"
                target="_blank"
              >
                /analytics/load-all
                <div
                  class="sc-jqUVSM icGDYy"
                >
                  <svg
                    class="sc-ftvSup bygzLL sc-kDDrLX kzKBSF"
                    height="18"
                    viewBox="0 0 24 24"
                    width="18"
                    xmlns="http://www.w3.org/2000/svg"
                  >
                    <path
                      d="M12.5 11.3c.4.4 1 .4 1.4 0L19 6.2V9c0 .6.4 1 1 1s1-.4 1-1V4c0-.6-.4-1-1-1h-5c-.6 0-1 .4-1 1s.4 1 1 1h2.4l-4.9 4.9c-.4.4-.4 1 0 1.4zM19 19c0 1.1-.9 2-2 2H5c-1.1 0-2-.9-2-2V7c0-1.1.9-2 2-2h7v2H5v12h12v-7h2"
                    />
                  </svg>
                </div>
              </a>
            </th>
            <th
              class="sc-fnykZs geZTSW"
            >
              <span
                class="sc-gsnTZi fzWRHm api-docsstyles__Method-sc-4t6xyo-2 lesXHI"
              >
                GET
              </span>
            </th>
            <th
              class="sc-fnykZs geZTSW"
            >
              <span
                class="sc-gsnTZi fzWRHm"
              />
            </th>
            <th
              class="sc-fnykZs geZTSW"
            >
              <span
                class="sc-gsnTZi fzWRHm"
              >
                Admin only
              </span>
            </th>
            <th
              class="sc-fnykZs geZTSW"
            >
              <span
                class="sc-gsnTZi fzWRHm api-docsstyles__Description-sc-4t6xyo-1 cZtHBf"
              >
                Loads all raw analytic points
              </span>
            </th>
          </tr>
          <tr
            class="sc-hAZoDl"
          >
            <th
              class="sc-fnykZs geZTSW"
            >
              <a
                aria-label="/analytics/load (opens in a new tab)"
                class="sc-papXJ gfSAJY"
                href="https://webapp-boilerplate.georgegillams.co.uk/api/analytics/load"
                rel="noopener noreferrer"
                target="_blank"
              >
                /analytics/load
                <div
                  class="sc-jqUVSM icGDYy"
                >
                  <svg
                    class="sc-ftvSup bygzLL sc-kDDrLX kzKBSF"
                    height="18"
                    viewBox="0 0 24 24"
                    width="18"
                    xmlns="http://www.w3.org/2000/svg"
                  >
                    <path
                      d="M12.5 11.3c.4.4 1 .4 1.4 0L19 6.2V9c0 .6.4 1 1 1s1-.4 1-1V4c0-.6-.4-1-1-1h-5c-.6 0-1 .4-1 1s.4 1 1 1h2.4l-4.9 4.9c-.4.4-.4 1 0 1.4zM19 19c0 1.1-.9 2-2 2H5c-1.1 0-2-.9-2-2V7c0-1.1.9-2 2-2h7v2H5v12h12v-7h2"
                    />
                  </svg>
                </div>
              </a>
            </th>
            <th
              class="sc-fnykZs geZTSW"
            >
              <span
                class="sc-gsnTZi fzWRHm api-docsstyles__Method-sc-4t6xyo-2 lesXHI"
              >
                GET
              </span>
            </th>
            <th
              class="sc-fnykZs geZTSW"
            >
              <span
                class="sc-gsnTZi fzWRHm"
              />
            </th>
            <th
              class="sc-fnykZs geZTSW"
            >
              <span
                class="sc-gsnTZi fzWRHm"
              >
                Admin only
              </span>
            </th>
            <th
              class="sc-fnykZs geZTSW"
            >
              <span
                class="sc-gsnTZi fzWRHm api-docsstyles__Description-sc-4t6xyo-1 cZtHBf"
              >
                Loads a summary of unique analytic points
              </span>
            </th>
          </tr>
          <tr
            class="sc-hAZoDl"
          >
            <th
              class="sc-fnykZs geZTSW"
            >
              <a
                aria-label="/auth/load (opens in a new tab)"
                class="sc-papXJ gfSAJY"
                href="https://webapp-boilerplate.georgegillams.co.uk/api/auth/load"
                rel="noopener noreferrer"
                target="_blank"
              >
                /auth/load
                <div
                  class="sc-jqUVSM icGDYy"
                >
                  <svg
                    class="sc-ftvSup bygzLL sc-kDDrLX kzKBSF"
                    height="18"
                    viewBox="0 0 24 24"
                    width="18"
                    xmlns="http://www.w3.org/2000/svg"
                  >
                    <path
                      d="M12.5 11.3c.4.4 1 .4 1.4 0L19 6.2V9c0 .6.4 1 1 1s1-.4 1-1V4c0-.6-.4-1-1-1h-5c-.6 0-1 .4-1 1s.4 1 1 1h2.4l-4.9 4.9c-.4.4-.4 1 0 1.4zM19 19c0 1.1-.9 2-2 2H5c-1.1 0-2-.9-2-2V7c0-1.1.9-2 2-2h7v2H5v12h12v-7h2"
                    />
                  </svg>
                </div>
              </a>
            </th>
            <th
              class="sc-fnykZs geZTSW"
            >
              <span
                class="sc-gsnTZi fzWRHm api-docsstyles__Method-sc-4t6xyo-2 lesXHI"
              >
                GET
              </span>
            </th>
            <th
              class="sc-fnykZs geZTSW"
            >
              <span
                class="sc-gsnTZi fzWRHm"
              />
            </th>
            <th
              class="sc-fnykZs geZTSW"
            >
              <span
                class="sc-gsnTZi fzWRHm"
              >
                None
              </span>
            </th>
            <th
              class="sc-fnykZs geZTSW"
            >
              <span
                class="sc-gsnTZi fzWRHm api-docsstyles__Description-sc-4t6xyo-1 cZtHBf"
              >
                Loads the currently authenticated used. Returns null if signed out
              </span>
            </th>
          </tr>
          <tr
            class="sc-hAZoDl"
          >
            <th
              class="sc-fnykZs geZTSW"
            >
              <a
                aria-label="/auth/logout (opens in a new tab)"
                class="sc-papXJ gfSAJY"
                href="https://webapp-boilerplate.georgegillams.co.uk/api/auth/logout"
                rel="noopener noreferrer"
                target="_blank"
              >
                /auth/logout
                <div
                  class="sc-jqUVSM icGDYy"
                >
                  <svg
                    class="sc-ftvSup bygzLL sc-kDDrLX kzKBSF"
                    height="18"
                    viewBox="0 0 24 24"
                    width="18"
                    xmlns="http://www.w3.org/2000/svg"
                  >
                    <path
                      d="M12.5 11.3c.4.4 1 .4 1.4 0L19 6.2V9c0 .6.4 1 1 1s1-.4 1-1V4c0-.6-.4-1-1-1h-5c-.6 0-1 .4-1 1s.4 1 1 1h2.4l-4.9 4.9c-.4.4-.4 1 0 1.4zM19 19c0 1.1-.9 2-2 2H5c-1.1 0-2-.9-2-2V7c0-1.1.9-2 2-2h7v2H5v12h12v-7h2"
                    />
                  </svg>
                </div>
              </a>
            </th>
            <th
              class="sc-fnykZs geZTSW"
            >
              <span
                class="sc-gsnTZi fzWRHm api-docsstyles__Method-sc-4t6xyo-2 lesXHI"
              >
                POST
              </span>
            </th>
            <th
              class="sc-fnykZs geZTSW"
            >
              <span
                class="sc-gsnTZi fzWRHm"
              />
            </th>
            <th
              class="sc-fnykZs geZTSW"
            >
              <span
                class="sc-gsnTZi fzWRHm"
              >
                None
              </span>
            </th>
            <th
              class="sc-fnykZs geZTSW"
            >
              <span
                class="sc-gsnTZi fzWRHm api-docsstyles__Description-sc-4t6xyo-1 cZtHBf"
              >
                Logs out the currently authenticated user
              </span>
            </th>
          </tr>
          <tr
            class="sc-hAZoDl"
          >
            <th
              class="sc-fnykZs geZTSW"
            >
              <a
                aria-label="/auth/request-verification-email (opens in a new tab)"
                class="sc-papXJ gfSAJY"
                href="https://webapp-boilerplate.georgegillams.co.uk/api/auth/request-verification-email"
                rel="noopener noreferrer"
                target="_blank"
              >
                /auth/request-verification-email
                <div
                  class="sc-jqUVSM icGDYy"
                >
                  <svg
                    class="sc-ftvSup bygzLL sc-kDDrLX kzKBSF"
                    height="18"
                    viewBox="0 0 24 24"
                    width="18"
                    xmlns="http://www.w3.org/2000/svg"
                  >
                    <path
                      d="M12.5 11.3c.4.4 1 .4 1.4 0L19 6.2V9c0 .6.4 1 1 1s1-.4 1-1V4c0-.6-.4-1-1-1h-5c-.6 0-1 .4-1 1s.4 1 1 1h2.4l-4.9 4.9c-.4.4-.4 1 0 1.4zM19 19c0 1.1-.9 2-2 2H5c-1.1 0-2-.9-2-2V7c0-1.1.9-2 2-2h7v2H5v12h12v-7h2"
                    />
                  </svg>
                </div>
              </a>
            </th>
            <th
              class="sc-fnykZs geZTSW"
            >
              <span
                class="sc-gsnTZi fzWRHm api-docsstyles__Method-sc-4t6xyo-2 lesXHI"
              >
                POST
              </span>
            </th>
            <th
              class="sc-fnykZs geZTSW"
            >
              <span
                class="sc-gsnTZi fzWRHm"
              />
            </th>
            <th
              class="sc-fnykZs geZTSW"
            >
              <span
                class="sc-gsnTZi fzWRHm"
              >
                Any user
              </span>
            </th>
            <th
              class="sc-fnykZs geZTSW"
            >
              <span
                class="sc-gsnTZi fzWRHm api-docsstyles__Description-sc-4t6xyo-1 cZtHBf"
              >
                Resends an email verification email
              </span>
            </th>
          </tr>
          <tr
            class="sc-hAZoDl"
          >
            <th
              class="sc-fnykZs geZTSW"
            >
              <a
                aria-label="/auth/verify-email (opens in a new tab)"
                class="sc-papXJ gfSAJY"
                href="https://webapp-boilerplate.georgegillams.co.uk/api/auth/verify-email"
                rel="noopener noreferrer"
                target="_blank"
              >
                /auth/verify-email
                <div
                  class="sc-jqUVSM icGDYy"
                >
                  <svg
                    class="sc-ftvSup bygzLL sc-kDDrLX kzKBSF"
                    height="18"
                    viewBox="0 0 24 24"
                    width="18"
                    xmlns="http://www.w3.org/2000/svg"
                  >
                    <path
                      d="M12.5 11.3c.4.4 1 .4 1.4 0L19 6.2V9c0 .6.4 1 1 1s1-.4 1-1V4c0-.6-.4-1-1-1h-5c-.6 0-1 .4-1 1s.4 1 1 1h2.4l-4.9 4.9c-.4.4-.4 1 0 1.4zM19 19c0 1.1-.9 2-2 2H5c-1.1 0-2-.9-2-2V7c0-1.1.9-2 2-2h7v2H5v12h12v-7h2"
                    />
                  </svg>
                </div>
              </a>
            </th>
            <th
              class="sc-fnykZs geZTSW"
            >
              <span
                class="sc-gsnTZi fzWRHm api-docsstyles__Method-sc-4t6xyo-2 lesXHI"
              >
                POST
              </span>
            </th>
            <th
              class="sc-fnykZs geZTSW"
            >
              <span
                class="sc-gsnTZi fzWRHm"
              />
            </th>
            <th
              class="sc-fnykZs geZTSW"
            >
              <span
                class="sc-gsnTZi fzWRHm"
              >
                None
              </span>
            </th>
            <th
              class="sc-fnykZs geZTSW"
            >
              <span
                class="sc-gsnTZi fzWRHm api-docsstyles__Description-sc-4t6xyo-1 cZtHBf"
              >
                Verify an email address with a secret verification key
              </span>
            </th>
          </tr>
          <tr
            class="sc-hAZoDl"
          >
            <th
              class="sc-fnykZs geZTSW"
            >
              <a
                aria-label="/emails/load (opens in a new tab)"
                class="sc-papXJ gfSAJY"
                href="https://webapp-boilerplate.georgegillams.co.uk/api/emails/load"
                rel="noopener noreferrer"
                target="_blank"
              >
                /emails/load
                <div
                  class="sc-jqUVSM icGDYy"
                >
                  <svg
                    class="sc-ftvSup bygzLL sc-kDDrLX kzKBSF"
                    height="18"
                    viewBox="0 0 24 24"
                    width="18"
                    xmlns="http://www.w3.org/2000/svg"
                  >
                    <path
                      d="M12.5 11.3c.4.4 1 .4 1.4 0L19 6.2V9c0 .6.4 1 1 1s1-.4 1-1V4c0-.6-.4-1-1-1h-5c-.6 0-1 .4-1 1s.4 1 1 1h2.4l-4.9 4.9c-.4.4-.4 1 0 1.4zM19 19c0 1.1-.9 2-2 2H5c-1.1 0-2-.9-2-2V7c0-1.1.9-2 2-2h7v2H5v12h12v-7h2"
                    />
                  </svg>
                </div>
              </a>
            </th>
            <th
              class="sc-fnykZs geZTSW"
            >
              <span
                class="sc-gsnTZi fzWRHm api-docsstyles__Method-sc-4t6xyo-2 lesXHI"
              >
                GET
              </span>
            </th>
            <th
              class="sc-fnykZs geZTSW"
            >
              <span
                class="sc-gsnTZi fzWRHm"
              />
            </th>
            <th
              class="sc-fnykZs geZTSW"
            >
              <span
                class="sc-gsnTZi fzWRHm"
              >
                Admin only
              </span>
            </th>
            <th
              class="sc-fnykZs geZTSW"
            >
              <span
                class="sc-gsnTZi fzWRHm api-docsstyles__Description-sc-4t6xyo-1 cZtHBf"
              >
                Loads emails that have been sent
              </span>
            </th>
          </tr>
          <tr
            class="sc-hAZoDl"
          >
            <th
              class="sc-fnykZs geZTSW"
            >
              <a
                aria-label="/emails/resend (opens in a new tab)"
                class="sc-papXJ gfSAJY"
                href="https://webapp-boilerplate.georgegillams.co.uk/api/emails/resend"
                rel="noopener noreferrer"
                target="_blank"
              >
                /emails/resend
                <div
                  class="sc-jqUVSM icGDYy"
                >
                  <svg
                    class="sc-ftvSup bygzLL sc-kDDrLX kzKBSF"
                    height="18"
                    viewBox="0 0 24 24"
                    width="18"
                    xmlns="http://www.w3.org/2000/svg"
                  >
                    <path
                      d="M12.5 11.3c.4.4 1 .4 1.4 0L19 6.2V9c0 .6.4 1 1 1s1-.4 1-1V4c0-.6-.4-1-1-1h-5c-.6 0-1 .4-1 1s.4 1 1 1h2.4l-4.9 4.9c-.4.4-.4 1 0 1.4zM19 19c0 1.1-.9 2-2 2H5c-1.1 0-2-.9-2-2V7c0-1.1.9-2 2-2h7v2H5v12h12v-7h2"
                    />
                  </svg>
                </div>
              </a>
            </th>
            <th
              class="sc-fnykZs geZTSW"
            >
              <span
                class="sc-gsnTZi fzWRHm api-docsstyles__Method-sc-4t6xyo-2 lesXHI"
              >
                POST
              </span>
            </th>
            <th
              class="sc-fnykZs geZTSW"
            >
              <span
                class="sc-gsnTZi fzWRHm"
              />
            </th>
            <th
              class="sc-fnykZs geZTSW"
            >
              <span
                class="sc-gsnTZi fzWRHm"
              >
                Admin only
              </span>
            </th>
            <th
              class="sc-fnykZs geZTSW"
            >
              <span
                class="sc-gsnTZi fzWRHm api-docsstyles__Description-sc-4t6xyo-1 cZtHBf"
              >
                Resends an email that's stored in the database
              </span>
            </th>
          </tr>
          <tr
            class="sc-hAZoDl"
          >
            <th
              class="sc-fnykZs geZTSW"
            >
              <a
                aria-label="/magic-links/login (opens in a new tab)"
                class="sc-papXJ gfSAJY"
                href="https://webapp-boilerplate.georgegillams.co.uk/api/magic-links/login"
                rel="noopener noreferrer"
                target="_blank"
              >
                /magic-links/login
                <div
                  class="sc-jqUVSM icGDYy"
                >
                  <svg
                    class="sc-ftvSup bygzLL sc-kDDrLX kzKBSF"
                    height="18"
                    viewBox="0 0 24 24"
                    width="18"
                    xmlns="http://www.w3.org/2000/svg"
                  >
                    <path
                      d="M12.5 11.3c.4.4 1 .4 1.4 0L19 6.2V9c0 .6.4 1 1 1s1-.4 1-1V4c0-.6-.4-1-1-1h-5c-.6 0-1 .4-1 1s.4 1 1 1h2.4l-4.9 4.9c-.4.4-.4 1 0 1.4zM19 19c0 1.1-.9 2-2 2H5c-1.1 0-2-.9-2-2V7c0-1.1.9-2 2-2h7v2H5v12h12v-7h2"
                    />
                  </svg>
                </div>
              </a>
            </th>
            <th
              class="sc-fnykZs geZTSW"
            >
              <span
                class="sc-gsnTZi fzWRHm api-docsstyles__Method-sc-4t6xyo-2 lesXHI"
              >
                POST
              </span>
            </th>
            <th
              class="sc-fnykZs geZTSW"
            >
              <span
                class="sc-gsnTZi fzWRHm"
              />
            </th>
            <th
              class="sc-fnykZs geZTSW"
            >
              <span
                class="sc-gsnTZi fzWRHm"
              >
                None
              </span>
            </th>
            <th
              class="sc-fnykZs geZTSW"
            >
              <span
                class="sc-gsnTZi fzWRHm api-docsstyles__Description-sc-4t6xyo-1 cZtHBf"
              >
                Login using a secret magic-link key
              </span>
            </th>
          </tr>
          <tr
            class="sc-hAZoDl"
          >
            <th
              class="sc-fnykZs geZTSW"
            >
              <a
                aria-label="/magic-links/request (opens in a new tab)"
                class="sc-papXJ gfSAJY"
                href="https://webapp-boilerplate.georgegillams.co.uk/api/magic-links/request"
                rel="noopener noreferrer"
                target="_blank"
              >
                /magic-links/request
                <div
                  class="sc-jqUVSM icGDYy"
                >
                  <svg
                    class="sc-ftvSup bygzLL sc-kDDrLX kzKBSF"
                    height="18"
                    viewBox="0 0 24 24"
                    width="18"
                    xmlns="http://www.w3.org/2000/svg"
                  >
                    <path
                      d="M12.5 11.3c.4.4 1 .4 1.4 0L19 6.2V9c0 .6.4 1 1 1s1-.4 1-1V4c0-.6-.4-1-1-1h-5c-.6 0-1 .4-1 1s.4 1 1 1h2.4l-4.9 4.9c-.4.4-.4 1 0 1.4zM19 19c0 1.1-.9 2-2 2H5c-1.1 0-2-.9-2-2V7c0-1.1.9-2 2-2h7v2H5v12h12v-7h2"
                    />
                  </svg>
                </div>
              </a>
            </th>
            <th
              class="sc-fnykZs geZTSW"
            >
              <span
                class="sc-gsnTZi fzWRHm api-docsstyles__Method-sc-4t6xyo-2 lesXHI"
              >
                POST
              </span>
            </th>
            <th
              class="sc-fnykZs geZTSW"
            >
              <span
                class="sc-gsnTZi fzWRHm"
              />
            </th>
            <th
              class="sc-fnykZs geZTSW"
            >
              <span
                class="sc-gsnTZi fzWRHm"
              >
                None
              </span>
            </th>
            <th
              class="sc-fnykZs geZTSW"
            >
              <span
                class="sc-gsnTZi fzWRHm api-docsstyles__Description-sc-4t6xyo-1 cZtHBf"
              >
                Request a magic link for a given account using the account's email address
              </span>
            </th>
          </tr>
          <tr
            class="sc-hAZoDl"
          >
            <th
              class="sc-fnykZs geZTSW"
            >
              <a
                aria-label="/data-management/backup (opens in a new tab)"
                class="sc-papXJ gfSAJY"
                href="https://webapp-boilerplate.georgegillams.co.uk/api/data-management/backup"
                rel="noopener noreferrer"
                target="_blank"
              >
                /data-management/backup
                <div
                  class="sc-jqUVSM icGDYy"
                >
                  <svg
                    class="sc-ftvSup bygzLL sc-kDDrLX kzKBSF"
                    height="18"
                    viewBox="0 0 24 24"
                    width="18"
                    xmlns="http://www.w3.org/2000/svg"
                  >
                    <path
                      d="M12.5 11.3c.4.4 1 .4 1.4 0L19 6.2V9c0 .6.4 1 1 1s1-.4 1-1V4c0-.6-.4-1-1-1h-5c-.6 0-1 .4-1 1s.4 1 1 1h2.4l-4.9 4.9c-.4.4-.4 1 0 1.4zM19 19c0 1.1-.9 2-2 2H5c-1.1 0-2-.9-2-2V7c0-1.1.9-2 2-2h7v2H5v12h12v-7h2"
                    />
                  </svg>
                </div>
              </a>
            </th>
            <th
              class="sc-fnykZs geZTSW"
            >
              <span
                class="sc-gsnTZi fzWRHm api-docsstyles__Method-sc-4t6xyo-2 lesXHI"
              >
                GET
              </span>
            </th>
            <th
              class="sc-fnykZs geZTSW"
            >
              <span
                class="sc-gsnTZi fzWRHm"
              />
            </th>
            <th
              class="sc-fnykZs geZTSW"
            >
              <span
                class="sc-gsnTZi fzWRHm"
              >
                Admin only
              </span>
            </th>
            <th
              class="sc-fnykZs geZTSW"
            >
              <span
                class="sc-gsnTZi fzWRHm api-docsstyles__Description-sc-4t6xyo-1 cZtHBf"
              >
                Returns a file containing a full data backup for the site
              </span>
            </th>
          </tr>
          <tr
            class="sc-hAZoDl"
          >
            <th
              class="sc-fnykZs geZTSW"
            >
              <a
                aria-label="/data-management/delete-entity (opens in a new tab)"
                class="sc-papXJ gfSAJY"
                href="https://webapp-boilerplate.georgegillams.co.uk/api/data-management/delete-entity"
                rel="noopener noreferrer"
                target="_blank"
              >
                /data-management/delete-entity
                <div
                  class="sc-jqUVSM icGDYy"
                >
                  <svg
                    class="sc-ftvSup bygzLL sc-kDDrLX kzKBSF"
                    height="18"
                    viewBox="0 0 24 24"
                    width="18"
                    xmlns="http://www.w3.org/2000/svg"
                  >
                    <path
                      d="M12.5 11.3c.4.4 1 .4 1.4 0L19 6.2V9c0 .6.4 1 1 1s1-.4 1-1V4c0-.6-.4-1-1-1h-5c-.6 0-1 .4-1 1s.4 1 1 1h2.4l-4.9 4.9c-.4.4-.4 1 0 1.4zM19 19c0 1.1-.9 2-2 2H5c-1.1 0-2-.9-2-2V7c0-1.1.9-2 2-2h7v2H5v12h12v-7h2"
                    />
                  </svg>
                </div>
              </a>
            </th>
            <th
              class="sc-fnykZs geZTSW"
            >
              <span
                class="sc-gsnTZi fzWRHm api-docsstyles__Method-sc-4t6xyo-2 lesXHI"
              >
                POST
              </span>
            </th>
            <th
              class="sc-fnykZs geZTSW"
            >
              <span
                class="sc-gsnTZi fzWRHm"
              />
            </th>
            <th
              class="sc-fnykZs geZTSW"
            >
              <span
                class="sc-gsnTZi fzWRHm"
              >
                Admin only
              </span>
            </th>
            <th
              class="sc-fnykZs geZTSW"
            >
              <span
                class="sc-gsnTZi fzWRHm api-docsstyles__Description-sc-4t6xyo-1 cZtHBf"
              >
                Remove a previously deleted entity completely from the DB
              </span>
            </th>
          </tr>
          <tr
            class="sc-hAZoDl"
          >
            <th
              class="sc-fnykZs geZTSW"
            >
              <a
                aria-label="/data-management/delete-set (opens in a new tab)"
                class="sc-papXJ gfSAJY"
                href="https://webapp-boilerplate.georgegillams.co.uk/api/data-management/delete-set"
                rel="noopener noreferrer"
                target="_blank"
              >
                /data-management/delete-set
                <div
                  class="sc-jqUVSM icGDYy"
                >
                  <svg
                    class="sc-ftvSup bygzLL sc-kDDrLX kzKBSF"
                    height="18"
                    viewBox="0 0 24 24"
                    width="18"
                    xmlns="http://www.w3.org/2000/svg"
                  >
                    <path
                      d="M12.5 11.3c.4.4 1 .4 1.4 0L19 6.2V9c0 .6.4 1 1 1s1-.4 1-1V4c0-.6-.4-1-1-1h-5c-.6 0-1 .4-1 1s.4 1 1 1h2.4l-4.9 4.9c-.4.4-.4 1 0 1.4zM19 19c0 1.1-.9 2-2 2H5c-1.1 0-2-.9-2-2V7c0-1.1.9-2 2-2h7v2H5v12h12v-7h2"
                    />
                  </svg>
                </div>
              </a>
            </th>
            <th
              class="sc-fnykZs geZTSW"
            >
              <span
                class="sc-gsnTZi fzWRHm api-docsstyles__Method-sc-4t6xyo-2 lesXHI"
              >
                POST
              </span>
            </th>
            <th
              class="sc-fnykZs geZTSW"
            >
              <span
                class="sc-gsnTZi fzWRHm"
              />
            </th>
            <th
              class="sc-fnykZs geZTSW"
            >
              <span
                class="sc-gsnTZi fzWRHm"
              >
                Admin only
              </span>
            </th>
            <th
              class="sc-fnykZs geZTSW"
            >
              <span
                class="sc-gsnTZi fzWRHm api-docsstyles__Description-sc-4t6xyo-1 cZtHBf"
              >
                Remove an entire collection from the DB
              </span>
            </th>
          </tr>
          <tr
            class="sc-hAZoDl"
          >
            <th
              class="sc-fnykZs geZTSW"
            >
              <a
                aria-label="/data-management/restore (opens in a new tab)"
                class="sc-papXJ gfSAJY"
                href="https://webapp-boilerplate.georgegillams.co.uk/api/data-management/restore"
                rel="noopener noreferrer"
                target="_blank"
              >
                /data-management/restore
                <div
                  class="sc-jqUVSM icGDYy"
                >
                  <svg
                    class="sc-ftvSup bygzLL sc-kDDrLX kzKBSF"
                    height="18"
                    viewBox="0 0 24 24"
                    width="18"
                    xmlns="http://www.w3.org/2000/svg"
                  >
                    <path
                      d="M12.5 11.3c.4.4 1 .4 1.4 0L19 6.2V9c0 .6.4 1 1 1s1-.4 1-1V4c0-.6-.4-1-1-1h-5c-.6 0-1 .4-1 1s.4 1 1 1h2.4l-4.9 4.9c-.4.4-.4 1 0 1.4zM19 19c0 1.1-.9 2-2 2H5c-1.1 0-2-.9-2-2V7c0-1.1.9-2 2-2h7v2H5v12h12v-7h2"
                    />
                  </svg>
                </div>
              </a>
            </th>
            <th
              class="sc-fnykZs geZTSW"
            >
              <span
                class="sc-gsnTZi fzWRHm api-docsstyles__Method-sc-4t6xyo-2 lesXHI"
              >
                POST
              </span>
            </th>
            <th
              class="sc-fnykZs geZTSW"
            >
              <span
                class="sc-gsnTZi fzWRHm"
              />
            </th>
            <th
              class="sc-fnykZs geZTSW"
            >
              <span
                class="sc-gsnTZi fzWRHm"
              >
                Admin only
              </span>
            </th>
            <th
              class="sc-fnykZs geZTSW"
            >
              <span
                class="sc-gsnTZi fzWRHm api-docsstyles__Description-sc-4t6xyo-1 cZtHBf"
              >
                Restore all the data from a backup file
              </span>
            </th>
          </tr>
          <tr
            class="sc-hAZoDl"
          >
            <th
              class="sc-fnykZs geZTSW"
            >
              <a
                aria-label="/notifications/create (opens in a new tab)"
                class="sc-papXJ gfSAJY"
                href="https://webapp-boilerplate.georgegillams.co.uk/api/notifications/create"
                rel="noopener noreferrer"
                target="_blank"
              >
                /notifications/create
                <div
                  class="sc-jqUVSM icGDYy"
                >
                  <svg
                    class="sc-ftvSup bygzLL sc-kDDrLX kzKBSF"
                    height="18"
                    viewBox="0 0 24 24"
                    width="18"
                    xmlns="http://www.w3.org/2000/svg"
                  >
                    <path
                      d="M12.5 11.3c.4.4 1 .4 1.4 0L19 6.2V9c0 .6.4 1 1 1s1-.4 1-1V4c0-.6-.4-1-1-1h-5c-.6 0-1 .4-1 1s.4 1 1 1h2.4l-4.9 4.9c-.4.4-.4 1 0 1.4zM19 19c0 1.1-.9 2-2 2H5c-1.1 0-2-.9-2-2V7c0-1.1.9-2 2-2h7v2H5v12h12v-7h2"
                    />
                  </svg>
                </div>
              </a>
            </th>
            <th
              class="sc-fnykZs geZTSW"
            >
              <span
                class="sc-gsnTZi fzWRHm api-docsstyles__Method-sc-4t6xyo-2 lesXHI"
              >
                POST
              </span>
            </th>
            <th
              class="sc-fnykZs geZTSW"
            >
              <span
                class="sc-gsnTZi fzWRHm"
              />
            </th>
            <th
              class="sc-fnykZs geZTSW"
            >
              <span
                class="sc-gsnTZi fzWRHm"
              >
                Admin only
              </span>
            </th>
            <th
              class="sc-fnykZs geZTSW"
            >
              <span
                class="sc-gsnTZi fzWRHm api-docsstyles__Description-sc-4t6xyo-1 cZtHBf"
              >
                Creates a notification which will be show at the top of the site
              </span>
            </th>
          </tr>
          <tr
            class="sc-hAZoDl"
          >
            <th
              class="sc-fnykZs geZTSW"
            >
              <a
                aria-label="/notifications/delete (opens in a new tab)"
                class="sc-papXJ gfSAJY"
                href="https://webapp-boilerplate.georgegillams.co.uk/api/notifications/delete"
                rel="noopener noreferrer"
                target="_blank"
              >
                /notifications/delete
                <div
                  class="sc-jqUVSM icGDYy"
                >
                  <svg
                    class="sc-ftvSup bygzLL sc-kDDrLX kzKBSF"
                    height="18"
                    viewBox="0 0 24 24"
                    width="18"
                    xmlns="http://www.w3.org/2000/svg"
                  >
                    <path
                      d="M12.5 11.3c.4.4 1 .4 1.4 0L19 6.2V9c0 .6.4 1 1 1s1-.4 1-1V4c0-.6-.4-1-1-1h-5c-.6 0-1 .4-1 1s.4 1 1 1h2.4l-4.9 4.9c-.4.4-.4 1 0 1.4zM19 19c0 1.1-.9 2-2 2H5c-1.1 0-2-.9-2-2V7c0-1.1.9-2 2-2h7v2H5v12h12v-7h2"
                    />
                  </svg>
                </div>
              </a>
            </th>
            <th
              class="sc-fnykZs geZTSW"
            >
              <span
                class="sc-gsnTZi fzWRHm api-docsstyles__Method-sc-4t6xyo-2 lesXHI"
              >
                POST
              </span>
            </th>
            <th
              class="sc-fnykZs geZTSW"
            >
              <span
                class="sc-gsnTZi fzWRHm"
              />
            </th>
            <th
              class="sc-fnykZs geZTSW"
            >
              <span
                class="sc-gsnTZi fzWRHm"
              >
                Admin only
              </span>
            </th>
            <th
              class="sc-fnykZs geZTSW"
            >
              <span
                class="sc-gsnTZi fzWRHm api-docsstyles__Description-sc-4t6xyo-1 cZtHBf"
              >
                Deletes a notification
              </span>
            </th>
          </tr>
          <tr
            class="sc-hAZoDl"
          >
            <th
              class="sc-fnykZs geZTSW"
            >
              <a
                aria-label="/notifications/load-all (opens in a new tab)"
                class="sc-papXJ gfSAJY"
                href="https://webapp-boilerplate.georgegillams.co.uk/api/notifications/load-all"
                rel="noopener noreferrer"
                target="_blank"
              >
                /notifications/load-all
                <div
                  class="sc-jqUVSM icGDYy"
                >
                  <svg
                    class="sc-ftvSup bygzLL sc-kDDrLX kzKBSF"
                    height="18"
                    viewBox="0 0 24 24"
                    width="18"
                    xmlns="http://www.w3.org/2000/svg"
                  >
                    <path
                      d="M12.5 11.3c.4.4 1 .4 1.4 0L19 6.2V9c0 .6.4 1 1 1s1-.4 1-1V4c0-.6-.4-1-1-1h-5c-.6 0-1 .4-1 1s.4 1 1 1h2.4l-4.9 4.9c-.4.4-.4 1 0 1.4zM19 19c0 1.1-.9 2-2 2H5c-1.1 0-2-.9-2-2V7c0-1.1.9-2 2-2h7v2H5v12h12v-7h2"
                    />
                  </svg>
                </div>
              </a>
            </th>
            <th
              class="sc-fnykZs geZTSW"
            >
              <span
                class="sc-gsnTZi fzWRHm api-docsstyles__Method-sc-4t6xyo-2 lesXHI"
              >
                GET
              </span>
            </th>
            <th
              class="sc-fnykZs geZTSW"
            >
              <span
                class="sc-gsnTZi fzWRHm"
              />
            </th>
            <th
              class="sc-fnykZs geZTSW"
            >
              <span
                class="sc-gsnTZi fzWRHm"
              >
                Any user - only an admin can see deleted notifications
              </span>
            </th>
            <th
              class="sc-fnykZs geZTSW"
            >
              <span
                class="sc-gsnTZi fzWRHm api-docsstyles__Description-sc-4t6xyo-1 cZtHBf"
              >
                Load all notifications
              </span>
            </th>
          </tr>
          <tr
            class="sc-hAZoDl"
          >
            <th
              class="sc-fnykZs geZTSW"
            >
              <a
                aria-label="/notifications/load/:id (opens in a new tab)"
                class="sc-papXJ gfSAJY"
                href="https://webapp-boilerplate.georgegillams.co.uk/api/notifications/load/:id"
                rel="noopener noreferrer"
                target="_blank"
              >
                /notifications/load/:id
                <div
                  class="sc-jqUVSM icGDYy"
                >
                  <svg
                    class="sc-ftvSup bygzLL sc-kDDrLX kzKBSF"
                    height="18"
                    viewBox="0 0 24 24"
                    width="18"
                    xmlns="http://www.w3.org/2000/svg"
                  >
                    <path
                      d="M12.5 11.3c.4.4 1 .4 1.4 0L19 6.2V9c0 .6.4 1 1 1s1-.4 1-1V4c0-.6-.4-1-1-1h-5c-.6 0-1 .4-1 1s.4 1 1 1h2.4l-4.9 4.9c-.4.4-.4 1 0 1.4zM19 19c0 1.1-.9 2-2 2H5c-1.1 0-2-.9-2-2V7c0-1.1.9-2 2-2h7v2H5v12h12v-7h2"
                    />
                  </svg>
                </div>
              </a>
            </th>
            <th
              class="sc-fnykZs geZTSW"
            >
              <span
                class="sc-gsnTZi fzWRHm api-docsstyles__Method-sc-4t6xyo-2 lesXHI"
              >
                GET
              </span>
            </th>
            <th
              class="sc-fnykZs geZTSW"
            >
              <span
                class="sc-gsnTZi fzWRHm"
              />
            </th>
            <th
              class="sc-fnykZs geZTSW"
            >
              <span
                class="sc-gsnTZi fzWRHm"
              />
            </th>
            <th
              class="sc-fnykZs geZTSW"
            >
              <span
                class="sc-gsnTZi fzWRHm api-docsstyles__Description-sc-4t6xyo-1 cZtHBf"
              />
            </th>
          </tr>
          <tr
            class="sc-hAZoDl"
          >
            <th
              class="sc-fnykZs geZTSW"
            >
              <a
                aria-label="/notifications/update (opens in a new tab)"
                class="sc-papXJ gfSAJY"
                href="https://webapp-boilerplate.georgegillams.co.uk/api/notifications/update"
                rel="noopener noreferrer"
                target="_blank"
              >
                /notifications/update
                <div
                  class="sc-jqUVSM icGDYy"
                >
                  <svg
                    class="sc-ftvSup bygzLL sc-kDDrLX kzKBSF"
                    height="18"
                    viewBox="0 0 24 24"
                    width="18"
                    xmlns="http://www.w3.org/2000/svg"
                  >
                    <path
                      d="M12.5 11.3c.4.4 1 .4 1.4 0L19 6.2V9c0 .6.4 1 1 1s1-.4 1-1V4c0-.6-.4-1-1-1h-5c-.6 0-1 .4-1 1s.4 1 1 1h2.4l-4.9 4.9c-.4.4-.4 1 0 1.4zM19 19c0 1.1-.9 2-2 2H5c-1.1 0-2-.9-2-2V7c0-1.1.9-2 2-2h7v2H5v12h12v-7h2"
                    />
                  </svg>
                </div>
              </a>
            </th>
            <th
              class="sc-fnykZs geZTSW"
            >
              <span
                class="sc-gsnTZi fzWRHm api-docsstyles__Method-sc-4t6xyo-2 lesXHI"
              >
                POST
              </span>
            </th>
            <th
              class="sc-fnykZs geZTSW"
            >
              <span
                class="sc-gsnTZi fzWRHm"
              />
            </th>
            <th
              class="sc-fnykZs geZTSW"
            >
              <span
                class="sc-gsnTZi fzWRHm"
              >
                Admin only
              </span>
            </th>
            <th
              class="sc-fnykZs geZTSW"
            >
              <span
                class="sc-gsnTZi fzWRHm api-docsstyles__Description-sc-4t6xyo-1 cZtHBf"
              >
                Update a given notification
              </span>
            </th>
          </tr>
          <tr
            class="sc-hAZoDl"
          >
            <th
              class="sc-fnykZs geZTSW"
            >
              <a
                aria-label="/users/create (opens in a new tab)"
                class="sc-papXJ gfSAJY"
                href="https://webapp-boilerplate.georgegillams.co.uk/api/users/create"
                rel="noopener noreferrer"
                target="_blank"
              >
                /users/create
                <div
                  class="sc-jqUVSM icGDYy"
                >
                  <svg
                    class="sc-ftvSup bygzLL sc-kDDrLX kzKBSF"
                    height="18"
                    viewBox="0 0 24 24"
                    width="18"
                    xmlns="http://www.w3.org/2000/svg"
                  >
                    <path
                      d="M12.5 11.3c.4.4 1 .4 1.4 0L19 6.2V9c0 .6.4 1 1 1s1-.4 1-1V4c0-.6-.4-1-1-1h-5c-.6 0-1 .4-1 1s.4 1 1 1h2.4l-4.9 4.9c-.4.4-.4 1 0 1.4zM19 19c0 1.1-.9 2-2 2H5c-1.1 0-2-.9-2-2V7c0-1.1.9-2 2-2h7v2H5v12h12v-7h2"
                    />
                  </svg>
                </div>
              </a>
            </th>
            <th
              class="sc-fnykZs geZTSW"
            >
              <span
                class="sc-gsnTZi fzWRHm api-docsstyles__Method-sc-4t6xyo-2 lesXHI"
              >
                POST
              </span>
            </th>
            <th
              class="sc-fnykZs geZTSW"
            >
              <span
                class="sc-gsnTZi fzWRHm"
              />
            </th>
            <th
              class="sc-fnykZs geZTSW"
            >
              <span
                class="sc-gsnTZi fzWRHm"
              >
                None - only an admin can create other admin users
              </span>
            </th>
            <th
              class="sc-fnykZs geZTSW"
            >
              <span
                class="sc-gsnTZi fzWRHm api-docsstyles__Description-sc-4t6xyo-1 cZtHBf"
              >
                Create a user
              </span>
            </th>
          </tr>
          <tr
            class="sc-hAZoDl"
          >
            <th
              class="sc-fnykZs geZTSW"
            >
              <a
                aria-label="/users/delete (opens in a new tab)"
                class="sc-papXJ gfSAJY"
                href="https://webapp-boilerplate.georgegillams.co.uk/api/users/delete"
                rel="noopener noreferrer"
                target="_blank"
              >
                /users/delete
                <div
                  class="sc-jqUVSM icGDYy"
                >
                  <svg
                    class="sc-ftvSup bygzLL sc-kDDrLX kzKBSF"
                    height="18"
                    viewBox="0 0 24 24"
                    width="18"
                    xmlns="http://www.w3.org/2000/svg"
                  >
                    <path
                      d="M12.5 11.3c.4.4 1 .4 1.4 0L19 6.2V9c0 .6.4 1 1 1s1-.4 1-1V4c0-.6-.4-1-1-1h-5c-.6 0-1 .4-1 1s.4 1 1 1h2.4l-4.9 4.9c-.4.4-.4 1 0 1.4zM19 19c0 1.1-.9 2-2 2H5c-1.1 0-2-.9-2-2V7c0-1.1.9-2 2-2h7v2H5v12h12v-7h2"
                    />
                  </svg>
                </div>
              </a>
            </th>
            <th
              class="sc-fnykZs geZTSW"
            >
              <span
                class="sc-gsnTZi fzWRHm api-docsstyles__Method-sc-4t6xyo-2 lesXHI"
              >
                POST
              </span>
            </th>
            <th
              class="sc-fnykZs geZTSW"
            >
              <span
                class="sc-gsnTZi fzWRHm"
              />
            </th>
            <th
              class="sc-fnykZs geZTSW"
            >
              <span
                class="sc-gsnTZi fzWRHm"
              >
                The user being deleted, or an admin only
              </span>
            </th>
            <th
              class="sc-fnykZs geZTSW"
            >
              <span
                class="sc-gsnTZi fzWRHm api-docsstyles__Description-sc-4t6xyo-1 cZtHBf"
              >
                Delete a user
              </span>
            </th>
          </tr>
          <tr
            class="sc-hAZoDl"
          >
            <th
              class="sc-fnykZs geZTSW"
            >
              <a
                aria-label="/users/load (opens in a new tab)"
                class="sc-papXJ gfSAJY"
                href="https://webapp-boilerplate.georgegillams.co.uk/api/users/load"
                rel="noopener noreferrer"
                target="_blank"
              >
                /users/load
                <div
                  class="sc-jqUVSM icGDYy"
                >
                  <svg
                    class="sc-ftvSup bygzLL sc-kDDrLX kzKBSF"
                    height="18"
                    viewBox="0 0 24 24"
                    width="18"
                    xmlns="http://www.w3.org/2000/svg"
                  >
                    <path
                      d="M12.5 11.3c.4.4 1 .4 1.4 0L19 6.2V9c0 .6.4 1 1 1s1-.4 1-1V4c0-.6-.4-1-1-1h-5c-.6 0-1 .4-1 1s.4 1 1 1h2.4l-4.9 4.9c-.4.4-.4 1 0 1.4zM19 19c0 1.1-.9 2-2 2H5c-1.1 0-2-.9-2-2V7c0-1.1.9-2 2-2h7v2H5v12h12v-7h2"
                    />
                  </svg>
                </div>
              </a>
            </th>
            <th
              class="sc-fnykZs geZTSW"
            >
              <span
                class="sc-gsnTZi fzWRHm api-docsstyles__Method-sc-4t6xyo-2 lesXHI"
              >
                GET
              </span>
            </th>
            <th
              class="sc-fnykZs geZTSW"
            >
              <span
                class="sc-gsnTZi fzWRHm"
              />
            </th>
            <th
              class="sc-fnykZs geZTSW"
            >
              <span
                class="sc-gsnTZi fzWRHm"
              >
                The user being loaded, or an admin only
              </span>
            </th>
            <th
              class="sc-fnykZs geZTSW"
            >
              <span
                class="sc-gsnTZi fzWRHm api-docsstyles__Description-sc-4t6xyo-1 cZtHBf"
              >
                Load a given user
              </span>
            </th>
          </tr>
          <tr
            class="sc-hAZoDl"
          >
            <th
              class="sc-fnykZs geZTSW"
            >
              <a
                aria-label="/users/load-all (opens in a new tab)"
                class="sc-papXJ gfSAJY"
                href="https://webapp-boilerplate.georgegillams.co.uk/api/users/load-all"
                rel="noopener noreferrer"
                target="_blank"
              >
                /users/load-all
                <div
                  class="sc-jqUVSM icGDYy"
                >
                  <svg
                    class="sc-ftvSup bygzLL sc-kDDrLX kzKBSF"
                    height="18"
                    viewBox="0 0 24 24"
                    width="18"
                    xmlns="http://www.w3.org/2000/svg"
                  >
                    <path
                      d="M12.5 11.3c.4.4 1 .4 1.4 0L19 6.2V9c0 .6.4 1 1 1s1-.4 1-1V4c0-.6-.4-1-1-1h-5c-.6 0-1 .4-1 1s.4 1 1 1h2.4l-4.9 4.9c-.4.4-.4 1 0 1.4zM19 19c0 1.1-.9 2-2 2H5c-1.1 0-2-.9-2-2V7c0-1.1.9-2 2-2h7v2H5v12h12v-7h2"
                    />
                  </svg>
                </div>
              </a>
            </th>
            <th
              class="sc-fnykZs geZTSW"
            >
              <span
                class="sc-gsnTZi fzWRHm api-docsstyles__Method-sc-4t6xyo-2 lesXHI"
              >
                GET
              </span>
            </th>
            <th
              class="sc-fnykZs geZTSW"
            >
              <span
                class="sc-gsnTZi fzWRHm"
              />
            </th>
            <th
              class="sc-fnykZs geZTSW"
            >
              <span
                class="sc-gsnTZi fzWRHm"
              >
                Admin only
              </span>
            </th>
            <th
              class="sc-fnykZs geZTSW"
            >
              <span
                class="sc-gsnTZi fzWRHm api-docsstyles__Description-sc-4t6xyo-1 cZtHBf"
              >
                Load all users
              </span>
            </th>
          </tr>
          <tr
            class="sc-hAZoDl"
          >
            <th
              class="sc-fnykZs geZTSW"
            >
              <a
                aria-label="/users/sign-up (opens in a new tab)"
                class="sc-papXJ gfSAJY"
                href="https://webapp-boilerplate.georgegillams.co.uk/api/users/sign-up"
                rel="noopener noreferrer"
                target="_blank"
              >
                /users/sign-up
                <div
                  class="sc-jqUVSM icGDYy"
                >
                  <svg
                    class="sc-ftvSup bygzLL sc-kDDrLX kzKBSF"
                    height="18"
                    viewBox="0 0 24 24"
                    width="18"
                    xmlns="http://www.w3.org/2000/svg"
                  >
                    <path
                      d="M12.5 11.3c.4.4 1 .4 1.4 0L19 6.2V9c0 .6.4 1 1 1s1-.4 1-1V4c0-.6-.4-1-1-1h-5c-.6 0-1 .4-1 1s.4 1 1 1h2.4l-4.9 4.9c-.4.4-.4 1 0 1.4zM19 19c0 1.1-.9 2-2 2H5c-1.1 0-2-.9-2-2V7c0-1.1.9-2 2-2h7v2H5v12h12v-7h2"
                    />
                  </svg>
                </div>
              </a>
            </th>
            <th
              class="sc-fnykZs geZTSW"
            >
              <span
                class="sc-gsnTZi fzWRHm api-docsstyles__Method-sc-4t6xyo-2 lesXHI"
              >
                POST
              </span>
            </th>
            <th
              class="sc-fnykZs geZTSW"
            >
              <span
                class="sc-gsnTZi fzWRHm"
              />
            </th>
            <th
              class="sc-fnykZs geZTSW"
            >
              <span
                class="sc-gsnTZi fzWRHm"
              >
                None
              </span>
            </th>
            <th
              class="sc-fnykZs geZTSW"
            >
              <span
                class="sc-gsnTZi fzWRHm api-docsstyles__Description-sc-4t6xyo-1 cZtHBf"
              >
                Create a user, and sign in as that user at the same time
              </span>
            </th>
          </tr>
          <tr
            class="sc-hAZoDl"
          >
            <th
              class="sc-fnykZs geZTSW"
            >
              <a
                aria-label="/users/update (opens in a new tab)"
                class="sc-papXJ gfSAJY"
                href="https://webapp-boilerplate.georgegillams.co.uk/api/users/update"
                rel="noopener noreferrer"
                target="_blank"
              >
                /users/update
                <div
                  class="sc-jqUVSM icGDYy"
                >
                  <svg
                    class="sc-ftvSup bygzLL sc-kDDrLX kzKBSF"
                    height="18"
                    viewBox="0 0 24 24"
                    width="18"
                    xmlns="http://www.w3.org/2000/svg"
                  >
                    <path
                      d="M12.5 11.3c.4.4 1 .4 1.4 0L19 6.2V9c0 .6.4 1 1 1s1-.4 1-1V4c0-.6-.4-1-1-1h-5c-.6 0-1 .4-1 1s.4 1 1 1h2.4l-4.9 4.9c-.4.4-.4 1 0 1.4zM19 19c0 1.1-.9 2-2 2H5c-1.1 0-2-.9-2-2V7c0-1.1.9-2 2-2h7v2H5v12h12v-7h2"
                    />
                  </svg>
                </div>
              </a>
            </th>
            <th
              class="sc-fnykZs geZTSW"
            >
              <span
                class="sc-gsnTZi fzWRHm api-docsstyles__Method-sc-4t6xyo-2 lesXHI"
              >
                POST
              </span>
            </th>
            <th
              class="sc-fnykZs geZTSW"
            >
              <span
                class="sc-gsnTZi fzWRHm"
              />
            </th>
            <th
              class="sc-fnykZs geZTSW"
            >
              <span
                class="sc-gsnTZi fzWRHm"
              >
                Any user - only an admin can promote other users to admin
              </span>
            </th>
            <th
              class="sc-fnykZs geZTSW"
            >
              <span
                class="sc-gsnTZi fzWRHm api-docsstyles__Description-sc-4t6xyo-1 cZtHBf"
              >
                Update a given user
              </span>
            </th>
          </tr>
        </tbody>
      </table>
    </div>
  </div>
</div>
`;
