// Jest Snapshot v1, https://goo.gl/fbAQLP

exports[`<NotFound /> should render correctly 1`] = `
<div>
  <div
    class="sc-bcXHqe izJKIX page-containerstyles__StyledPageContainer-sc-19l7k4-0"
    width="default"
  >
    <div
      class="sc-hBxehG kRpDOl"
    >
      <h1
        class="sc-dkrFOg eTlLCY sc-ipEyDJ jfsqCE"
      >
        Oops.
      </h1>
    </div>
    <div
      class="sc-bqWxrE dacVvm"
    >
      <style>
        .js .animated-content__wrapper--hidden {
  opacity: 0.01;
}
      </style>
      <div
        class="sc-eDWCr fyEwVX animated-content__wrapper--hidden"
      >
        <span
          class="sc-gswNZR ekTDXf"
        >
          The page you're looking for doesn't exist, or you don't have permission to view it.
          <br />
          Maybe the 
          <a
            class="sc-pyfCe kHwuaX"
            href="/sitemap"
          >
            site map
          </a>
           can help
        </span>
      </div>
    </div>
  </div>
</div>
`;
