// Jest Snapshot v1, https://goo.gl/fbAQLP

exports[`<SignUp /> should render correctly - index 1`] = `
<div>
  <div
    aria-label="Loading"
    class="sc-dIfARi evaMPU page-containerstyles__StyledPageContainer-sc-19l7k4-0"
    width="default"
  >
    <div
      class="sc-bjfHbI ibzWhy"
    >
      <div
        class="sc-idXgbr jlSlT"
        style="margin-left: -0px;"
      />
    </div>
    <div
      class="sc-bjfHbI izPJkq"
      style="margin-top: 1.2rem;"
    >
      <div
        class="sc-idXgbr jlSlT"
        style="margin-left: -0px;"
      />
    </div>
    <div
      class="sc-bjfHbI beSZFO"
    >
      <div
        class="sc-idXgbr jlSlT"
        style="margin-left: -0px;"
      />
    </div>
  </div>
</div>
`;

exports[`<SignUp /> should render correctly with initial state 1`] = `
<div>
  <div
    aria-label="Loading"
    class="sc-dIfARi evaMPU page-containerstyles__StyledPageContainer-sc-19l7k4-0"
    width="default"
  >
    <div
      class="sc-bjfHbI ibzWhy"
    >
      <div
        class="sc-idXgbr jlSlT"
        style="margin-left: -0px;"
      />
    </div>
    <div
      class="sc-bjfHbI izPJkq"
      style="margin-top: 1.2rem;"
    >
      <div
        class="sc-idXgbr jlSlT"
        style="margin-left: -0px;"
      />
    </div>
    <div
      class="sc-bjfHbI beSZFO"
    >
      <div
        class="sc-idXgbr jlSlT"
        style="margin-left: -0px;"
      />
    </div>
  </div>
</div>
`;

exports[`<SignUp /> should render correctly with signUpError 1`] = `
<div>
  <div
    aria-label="Loading"
    class="sc-dIfARi evaMPU page-containerstyles__StyledPageContainer-sc-19l7k4-0"
    width="default"
  >
    <div
      class="sc-bjfHbI ibzWhy"
    >
      <div
        class="sc-idXgbr jlSlT"
        style="margin-left: -0px;"
      />
    </div>
    <div
      class="sc-bjfHbI izPJkq"
      style="margin-top: 1.2rem;"
    >
      <div
        class="sc-idXgbr jlSlT"
        style="margin-left: -0px;"
      />
    </div>
    <div
      class="sc-bjfHbI beSZFO"
    >
      <div
        class="sc-idXgbr jlSlT"
        style="margin-left: -0px;"
      />
    </div>
  </div>
</div>
`;

exports[`<SignUp /> should render correctly with signUpResult 1`] = `
<div>
  <div
    aria-label="Loading"
    class="sc-dIfARi evaMPU page-containerstyles__StyledPageContainer-sc-19l7k4-0"
    width="default"
  >
    <div
      class="sc-bjfHbI ibzWhy"
    >
      <div
        class="sc-idXgbr jlSlT"
        style="margin-left: -0px;"
      />
    </div>
    <div
      class="sc-bjfHbI izPJkq"
      style="margin-top: 1.2rem;"
    >
      <div
        class="sc-idXgbr jlSlT"
        style="margin-left: -0px;"
      />
    </div>
    <div
      class="sc-bjfHbI beSZFO"
    >
      <div
        class="sc-idXgbr jlSlT"
        style="margin-left: -0px;"
      />
    </div>
  </div>
</div>
`;

exports[`<SignUp /> should render correctly with signingUp=true 1`] = `
<div>
  <div
    aria-label="Loading"
    class="sc-dIfARi evaMPU page-containerstyles__StyledPageContainer-sc-19l7k4-0"
    width="default"
  >
    <div
      class="sc-bjfHbI ibzWhy"
    >
      <div
        class="sc-idXgbr jlSlT"
        style="margin-left: -0px;"
      />
    </div>
    <div
      class="sc-bjfHbI izPJkq"
      style="margin-top: 1.2rem;"
    >
      <div
        class="sc-idXgbr jlSlT"
        style="margin-left: -0px;"
      />
    </div>
    <div
      class="sc-bjfHbI beSZFO"
    >
      <div
        class="sc-idXgbr jlSlT"
        style="margin-left: -0px;"
      />
    </div>
  </div>
</div>
`;

exports[`<SignUp /> should render correctly with user 1`] = `
<div>
  <div
    class="sc-dIfARi bvVxIG page-containerstyles__StyledPageContainer-sc-19l7k4-0"
    width="default"
  >
    <div
      class="sc-ksBlkl gDlyuV"
    >
      <h1
        class="sc-gswNZR gzqAHo sc-fEXmlR cIHzsJ"
        id="you're-logged-in"
      >
        You're logged in
      </h1>
      <span
        class="sc-hHTYSt cRxHgE"
      >
        <a
          class="sc-iBYQkv jNlLug"
          href="/account"
        >
          Go to your account.
        </a>
      </span>
    </div>
  </div>
</div>
`;
