// Jest Snapshot v1, https://goo.gl/fbAQLP

exports[`<Authenticator /> should render correctly - index 1`] = `
<div>
  <header
    class="sc-hLBbgP ijUMmM"
    role="banner"
  >
    <style>
      .js .navigation-bar__burger-wrapper--no-js {
  display: none;
}
      .no-js .navigation-bar__burger-wrapper--js {
  display: none;
}
    </style>
    <nav
      class="sc-jSUZER giuvLu"
    >
      <div
        class="sc-gKPRtg fZCFGT"
      >
        <div
          class="sc-pyfCe hCputG"
        >
          <div
            class="sc-iBYQkv fkeGUo"
          >
            <button
              aria-expanded="false"
              aria-label="Menu"
              class="sc-bcXHqe gQKgVP navigation-bar__burger-wrapper--js"
              type="button"
            >
              <div
                class="sc-gswNZR cUYZCO"
              >
                <div
                  class="sc-dkrFOg eMMepS"
                />
                <div
                  class="sc-dkrFOg eMMepS"
                />
                <div
                  class="sc-dkrFOg eMMepS"
                />
              </div>
            </button>
            <a
              aria-label="Sitemap"
              class="navigation-bar__burger-wrapper--no-js"
              href="/site-map"
            >
              <button
                aria-expanded="false"
                aria-hidden="true"
                aria-label="Menu"
                class="sc-bcXHqe gQKgVP"
                type="button"
              >
                <div
                  class="sc-gswNZR cUYZCO"
                >
                  <div
                    class="sc-dkrFOg eMMepS"
                  />
                  <div
                    class="sc-dkrFOg eMMepS"
                  />
                  <div
                    class="sc-dkrFOg eMMepS"
                  />
                </div>
              </button>
            </a>
          </div>
          <div
            class="logostyles__OuterContainer-sc-1fentac-0 kkZAfR"
          >
            <a
              class="logostyles__StyledLink-sc-1fentac-1 bTAtdl"
              href="/"
            >
              <span
                aria-label="Home page"
                class="logostyles__LargeText-sc-1fentac-2 cachOr"
              >
                LOGO
              </span>
            </a>
          </div>
          <div
            class="sc-iBYQkv fkeGUo"
          />
        </div>
        <div
          class="sc-ftTHYK gqpHHI"
        >
          <div
            class="logostyles__OuterContainer-sc-1fentac-0 kkZAfR"
          >
            <a
              class="logostyles__StyledLink-sc-1fentac-1 bTAtdl"
              href="/"
            >
              <span
                aria-label="Home page"
                class="logostyles__LargeText-sc-1fentac-2 cachOr"
              >
                LOGO
              </span>
            </a>
          </div>
          <a
            aria-label="Site map"
            class="sc-bqWxrE kvTOPd"
            href="/sitemap"
          >
            <span
              class="sc-ksBlkl aEVfs"
            >
              Site map
            </span>
          </a>
        </div>
      </div>
    </nav>
  </header>
</div>
`;

exports[`<Authenticator /> should render correctly with default state 1`] = `
<div>
  <header
    class="sc-hLBbgP ijUMmM"
    role="banner"
  >
    <style>
      .js .navigation-bar__burger-wrapper--no-js {
  display: none;
}
      .no-js .navigation-bar__burger-wrapper--js {
  display: none;
}
    </style>
    <nav
      class="sc-jSUZER giuvLu"
    >
      <div
        class="sc-gKPRtg fZCFGT"
      >
        <div
          class="sc-pyfCe hCputG"
        >
          <div
            class="sc-iBYQkv fkeGUo"
          >
            <button
              aria-expanded="false"
              aria-label="Menu"
              class="sc-bcXHqe gQKgVP navigation-bar__burger-wrapper--js"
              type="button"
            >
              <div
                class="sc-gswNZR cUYZCO"
              >
                <div
                  class="sc-dkrFOg eMMepS"
                />
                <div
                  class="sc-dkrFOg eMMepS"
                />
                <div
                  class="sc-dkrFOg eMMepS"
                />
              </div>
            </button>
            <a
              aria-label="Sitemap"
              class="navigation-bar__burger-wrapper--no-js"
              href="/site-map"
            >
              <button
                aria-expanded="false"
                aria-hidden="true"
                aria-label="Menu"
                class="sc-bcXHqe gQKgVP"
                type="button"
              >
                <div
                  class="sc-gswNZR cUYZCO"
                >
                  <div
                    class="sc-dkrFOg eMMepS"
                  />
                  <div
                    class="sc-dkrFOg eMMepS"
                  />
                  <div
                    class="sc-dkrFOg eMMepS"
                  />
                </div>
              </button>
            </a>
          </div>
          <div
            class="logostyles__OuterContainer-sc-1fentac-0 kkZAfR"
          >
            <a
              class="logostyles__StyledLink-sc-1fentac-1 bTAtdl"
              href="/"
            >
              <span
                aria-label="Home page"
                class="logostyles__LargeText-sc-1fentac-2 cachOr"
              >
                LOGO
              </span>
            </a>
          </div>
          <div
            class="sc-iBYQkv fkeGUo"
          />
        </div>
        <div
          class="sc-ftTHYK gqpHHI"
        >
          <div
            class="logostyles__OuterContainer-sc-1fentac-0 kkZAfR"
          >
            <a
              class="logostyles__StyledLink-sc-1fentac-1 bTAtdl"
              href="/"
            >
              <span
                aria-label="Home page"
                class="logostyles__LargeText-sc-1fentac-2 cachOr"
              >
                LOGO
              </span>
            </a>
          </div>
          <a
            aria-label="Site map"
            class="sc-bqWxrE kvTOPd"
            href="/sitemap"
          >
            <span
              class="sc-ksBlkl aEVfs"
            >
              Site map
            </span>
          </a>
        </div>
      </div>
    </nav>
  </header>
</div>
`;

exports[`<Authenticator /> should render correctly with null user 1`] = `
<div>
  <header
    class="sc-hLBbgP ijUMmM"
    role="banner"
  >
    <style>
      .js .navigation-bar__burger-wrapper--no-js {
  display: none;
}
      .no-js .navigation-bar__burger-wrapper--js {
  display: none;
}
    </style>
    <nav
      class="sc-jSUZER giuvLu"
    >
      <div
        class="sc-gKPRtg fZCFGT"
      >
        <div
          class="sc-pyfCe hCputG"
        >
          <div
            class="sc-iBYQkv fkeGUo"
          >
            <button
              aria-expanded="false"
              aria-label="Menu"
              class="sc-bcXHqe gQKgVP navigation-bar__burger-wrapper--js"
              type="button"
            >
              <div
                class="sc-gswNZR cUYZCO"
              >
                <div
                  class="sc-dkrFOg eMMepS"
                />
                <div
                  class="sc-dkrFOg eMMepS"
                />
                <div
                  class="sc-dkrFOg eMMepS"
                />
              </div>
            </button>
            <a
              aria-label="Sitemap"
              class="navigation-bar__burger-wrapper--no-js"
              href="/site-map"
            >
              <button
                aria-expanded="false"
                aria-hidden="true"
                aria-label="Menu"
                class="sc-bcXHqe gQKgVP"
                type="button"
              >
                <div
                  class="sc-gswNZR cUYZCO"
                >
                  <div
                    class="sc-dkrFOg eMMepS"
                  />
                  <div
                    class="sc-dkrFOg eMMepS"
                  />
                  <div
                    class="sc-dkrFOg eMMepS"
                  />
                </div>
              </button>
            </a>
          </div>
          <div
            class="logostyles__OuterContainer-sc-1fentac-0 kkZAfR"
          >
            <a
              class="logostyles__StyledLink-sc-1fentac-1 bTAtdl"
              href="/"
            >
              <span
                aria-label="Home page"
                class="logostyles__LargeText-sc-1fentac-2 cachOr"
              >
                LOGO
              </span>
            </a>
          </div>
          <div
            class="sc-iBYQkv fkeGUo"
          />
        </div>
        <div
          class="sc-ftTHYK gqpHHI"
        >
          <div
            class="logostyles__OuterContainer-sc-1fentac-0 kkZAfR"
          >
            <a
              class="logostyles__StyledLink-sc-1fentac-1 bTAtdl"
              href="/"
            >
              <span
                aria-label="Home page"
                class="logostyles__LargeText-sc-1fentac-2 cachOr"
              >
                LOGO
              </span>
            </a>
          </div>
          <a
            aria-label="Site map"
            class="sc-bqWxrE kvTOPd"
            href="/sitemap"
          >
            <span
              class="sc-ksBlkl aEVfs"
            >
              Site map
            </span>
          </a>
        </div>
      </div>
    </nav>
  </header>
</div>
`;

exports[`<Authenticator /> should render correctly with user 1`] = `
<div>
  <header
    class="sc-hLBbgP ijUMmM"
    role="banner"
  >
    <style>
      .js .navigation-bar__burger-wrapper--no-js {
  display: none;
}
      .no-js .navigation-bar__burger-wrapper--js {
  display: none;
}
    </style>
    <nav
      class="sc-jSUZER giuvLu"
    >
      <div
        class="sc-gKPRtg fZCFGT"
      >
        <div
          class="sc-pyfCe hCputG"
        >
          <div
            class="sc-iBYQkv fkeGUo"
          >
            <button
              aria-expanded="false"
              aria-label="Menu"
              class="sc-bcXHqe gQKgVP navigation-bar__burger-wrapper--js"
              type="button"
            >
              <div
                class="sc-gswNZR cUYZCO"
              >
                <div
                  class="sc-dkrFOg eMMepS"
                />
                <div
                  class="sc-dkrFOg eMMepS"
                />
                <div
                  class="sc-dkrFOg eMMepS"
                />
              </div>
            </button>
            <a
              aria-label="Sitemap"
              class="navigation-bar__burger-wrapper--no-js"
              href="/site-map"
            >
              <button
                aria-expanded="false"
                aria-hidden="true"
                aria-label="Menu"
                class="sc-bcXHqe gQKgVP"
                type="button"
              >
                <div
                  class="sc-gswNZR cUYZCO"
                >
                  <div
                    class="sc-dkrFOg eMMepS"
                  />
                  <div
                    class="sc-dkrFOg eMMepS"
                  />
                  <div
                    class="sc-dkrFOg eMMepS"
                  />
                </div>
              </button>
            </a>
          </div>
          <div
            class="logostyles__OuterContainer-sc-1fentac-0 kkZAfR"
          >
            <a
              class="logostyles__StyledLink-sc-1fentac-1 bTAtdl"
              href="/"
            >
              <span
                aria-label="Home page"
                class="logostyles__LargeText-sc-1fentac-2 cachOr"
              >
                LOGO
              </span>
            </a>
          </div>
          <div
            class="sc-iBYQkv fkeGUo"
          />
        </div>
        <div
          class="sc-ftTHYK gqpHHI"
        >
          <div
            class="logostyles__OuterContainer-sc-1fentac-0 kkZAfR"
          >
            <a
              class="logostyles__StyledLink-sc-1fentac-1 bTAtdl"
              href="/"
            >
              <span
                aria-label="Home page"
                class="logostyles__LargeText-sc-1fentac-2 cachOr"
              >
                LOGO
              </span>
            </a>
          </div>
          <a
            aria-label="Site map"
            class="sc-bqWxrE kvTOPd"
            href="/sitemap"
          >
            <span
              class="sc-ksBlkl aEVfs"
            >
              Site map
            </span>
          </a>
        </div>
      </div>
    </nav>
  </header>
</div>
`;
