// Jest Snapshot v1, https://goo.gl/fbAQLP

exports[`<Teapot /> should render correctly 1`] = `
<div>
  <div
    class="sc-bcXHqe izJKIX page-containerstyles__StyledPageContainer-sc-19l7k4-0"
    width="default"
  >
    <div
      class="sc-hBxehG kRpDOl"
    >
      <h1
        class="sc-dkrFOg eTlLCY sc-ipEyDJ jfsqCE"
      >
        Error 418 - I'm a teapot.
      </h1>
    </div>
    <div
      class="sc-bqWxrE dacVvm"
    >
      <style>
        .js .animated-content__wrapper--hidden {
  opacity: 0.01;
}
      </style>
      <div
        class="sc-eDWCr fyEwVX animated-content__wrapper--hidden"
      >
        <span
          class="sc-gswNZR ekTDXf"
        >
          Coffee cannot be brewed inside a teapot context. The resulting entity body MAY be short and stout.
        </span>
      </div>
    </div>
  </div>
</div>
`;
