// Jest Snapshot v1, https://goo.gl/fbAQLP

exports[`<Teapot /> should render correctly 1`] = `
<div>
  <div
    class="sc-bczRLJ eVJKhe page-containerstyles__StyledPageContainer-sc-19l7k4-0"
    width="default"
  >
    <h1
      class="sc-gsnTZi hUDWSp sc-ksZaOG UTWGT not-found__container"
    >
      Error 418 - I'm a teapot.
    </h1>
    <div
      class="sc-kDDrLX iNAFzC"
    >
      <span
        class="sc-breuTD fxMIXR"
      >
        Coffee cannot be brewed inside a teapot context. The resulting entity body MAY be short and stout.
      </span>
    </div>
  </div>
</div>
`;
