// Jest Snapshot v1, https://goo.gl/fbAQLP

exports[`<Header /> Should render correctly 1`] = `
<div>
  <header
    class="css-w41d0-HeaderRoot ez4dfsd0"
  >
    <div
      class="css-u5y1t0-HeaderContainer ez4dfsd1"
    >
      <nav
        class="css-wvyf6s-NavRoot ez4dfsd2"
      >
        <a
          href="/"
        >
          Home
        </a>
        <div
          class="css-kh7q0g-Space ez4dfsd4"
        />
        <a
          href="/account"
        >
          Account
        </a>
        <div
          class="css-kh7q0g-Space ez4dfsd4"
        />
        <div
          class="css-1jbsa08-ListActions ez4dfsd3"
        />
      </nav>
    </div>
  </header>
</div>
`;
