// Jest Snapshot v1, https://goo.gl/fbAQLP

exports[`<Home /> should render correctly 1`] = `
<div>
  <div
    class="home-page__container"
  >
    <div
      class="typography__main"
    >
      <h1
        class="typography__text typography__text--section page-title__section"
        id="home"
      >
        Home
      </h1>
      <div
        class="typography__main"
      >
        <span
          class="paragraph"
        >
          This is just a boilerplate page, but you can put any content you want in here.
          <br />
          This page is pretty boring, but the 
          <a
            class="text-link text-link--text-link text-link--no-padding text-link--inline"
            href="/sitemap"
          >
            site map
          </a>
           might be more inspiring.
        </span>
      </div>
    </div>
  </div>
</div>
`;
